Copyright 1986-2017 Xilinx, Inc. All Rights Reserved.
--------------------------------------------------------------------------------------
| Tool Version : Vivado v.2017.1 (lin64) Build 1846317 Fri Apr 14 18:54:47 MDT 2017
| Date         : Fri Dec 28 08:59:08 2018
| Host         : ubuntu running 64-bit Ubuntu 16.04.5 LTS
| Command      : report_control_sets -verbose -file rocketTop_control_sets_placed.rpt
| Design       : rocketTop
| Device       : xc7a100t
--------------------------------------------------------------------------------------

Control Set Information

Table of Contents
-----------------
1. Summary
2. Flip-Flop Distribution
3. Detailed Control Set Information

1. Summary
----------

+----------------------------------------------------------+-------+
|                          Status                          | Count |
+----------------------------------------------------------+-------+
| Number of unique control sets                            |   174 |
| Unused register locations in slices containing registers |   498 |
+----------------------------------------------------------+-------+


2. Flip-Flop Distribution
-------------------------

+--------------+-----------------------+------------------------+-----------------+--------------+
| Clock Enable | Synchronous Set/Reset | Asynchronous Set/Reset | Total Registers | Total Slices |
+--------------+-----------------------+------------------------+-----------------+--------------+
| No           | No                    | No                     |             235 |          131 |
| No           | No                    | Yes                    |              19 |            9 |
| No           | Yes                   | No                     |             462 |          222 |
| Yes          | No                    | No                     |            2544 |         1048 |
| Yes          | No                    | Yes                    |              48 |           18 |
| Yes          | Yes                   | No                     |             866 |          348 |
+--------------+-----------------------+------------------------+-----------------+--------------+


3. Detailed Control Set Information
-----------------------------------

+---------------------+------------------------------------------------------------------------------------------------------+---------------------------------------------------------------------------------------------------------------+------------------+----------------+
|     Clock Signal    |                                             Enable Signal                                            |                                                Set/Reset Signal                                               | Slice Load Count | Bel Load Count |
+---------------------+------------------------------------------------------------------------------------------------------+---------------------------------------------------------------------------------------------------------------+------------------+----------------+
|  dut_clock_BUFG     | dut/cbus/coupler_to_clint/fragmenter/Repeater/_T_1117                                                | reset_IBUF                                                                                                    |                1 |              1 |
|  dut_clock_BUFG     | dut/fbus/coupler_from_port_named_slave_port_axi4/buffer/Queue_1/_T_37_0                              |                                                                                                               |                1 |              1 |
|  clock100_IBUF_BUFG |                                                                                                      |                                                                                                               |                1 |              1 |
|  dut_clock_BUFG     | dut/cbus/coupler_to_plic/fragmenter/Repeater/_T_35_data_reg[33]                                      | dut/cbus/coupler_to_plic/fragmenter/Repeater/_T_35_mask_reg[0]_0                                              |                1 |              2 |
|  dut_clock_BUFG     | dut/tile/buffer/Queue_1/s2_req_typ                                                                   | dut/tile/buffer/Queue_1/s2_req_cmd_reg[3]                                                                     |                1 |              4 |
|  dut_clock_BUFG     | dut/tile/buffer/Queue_4/_T_35_sink_reg_0_1_0_0_i_1_n_0                                               |                                                                                                               |                1 |              4 |
|  dut_clock_BUFG     | dut/mbus/coupler_to_memory_controller_named_axi4/tl2axi4/Queue_1/E[0]                                | reset_IBUF                                                                                                    |                1 |              4 |
|  dut_clock_BUFG     | mmio_mem/uart_inst/U0/AXI_LITE_IPIF_I/I_SLAVE_ATTACHMENT/start2                                      | mmio_mem/uart_inst/U0/AXI_LITE_IPIF_I/I_SLAVE_ATTACHMENT/I_DECODER/cs_ce_clr                                  |                1 |              4 |
|  dut_clock_BUFG     | mmio_mem/uart_inst/U0/UARTLITE_CORE_I/BAUD_RATE_I/en_16x_Baud                                        |                                                                                                               |                2 |              4 |
|  dut_clock_BUFG     | dut/tile/core/csr/reg_bp_0_control_dmode                                                             | reset_IBUF                                                                                                    |                2 |              5 |
|  dut_clock_BUFG     | dut/tile/core/csr/reg_mcause[63]_i_1_n_0                                                             |                                                                                                               |                3 |              5 |
|  dut_clock_BUFG     |                                                                                                      | dut/tile/core/fq_reset                                                                                        |                2 |              5 |
|  dut_clock_BUFG     | dut/cbus/buffer/Queue/E[0]                                                                           | reset_IBUF                                                                                                    |                4 |              5 |
|  dut_clock_BUFG     | dut/sbus/coupler_to_port_named_mmio_port_axi4/tl2axi4/Queue/E[0]                                     | reset_IBUF                                                                                                    |                3 |              6 |
|  dut_clock_BUFG     | dut/tile/dcache/resetting                                                                            | reset_IBUF                                                                                                    |                2 |              6 |
|  dut_clock_BUFG     | dut/cbus/coupler_to_debug/fragmenter/Repeater/_T_365                                                 | reset_IBUF                                                                                                    |                2 |              6 |
|  dut_clock_BUFG     | dut/cbus/coupler_to_clint/fragmenter/Repeater/_T_365                                                 | reset_IBUF                                                                                                    |                3 |              6 |
|  dut_clock_BUFG     | dut/cbus/out_xbar/_T_244_reg[2]                                                                      | reset_IBUF                                                                                                    |                1 |              6 |
|  dut_clock_BUFG     | dut/tile/core/div/count[6]_i_2_n_0                                                                   | dut/tile/core/div/_T_146                                                                                      |                3 |              6 |
|  dut_clock_BUFG     |                                                                                                      | mmio_mem/uart_inst/U0/UARTLITE_CORE_I/UARTLITE_TX_I/SRL_FIFO_I/I_SRL_FIFO_RBU_F/CNTR_INCR_DECR_ADDN_F_I/SS[0] |                3 |              6 |
|  dut_clock_BUFG     |                                                                                                      | mmio_mem/uart_inst/U0/UARTLITE_CORE_I/UARTLITE_RX_I/SRL_FIFO_I/I_SRL_FIFO_RBU_F/CNTR_INCR_DECR_ADDN_F_I/SS[0] |                2 |              6 |
|  dut_clock_BUFG     | dut/tile/core/s1_valid_reg                                                                           |                                                                                                               |                2 |              6 |
|  dut_clock_BUFG     | dut/sbus/coupler_to_port_named_mmio_port_axi4/axi4buf/Queue/_T_35_reg[0][0]                          |                                                                                                               |                4 |              7 |
|  dut_clock_BUFG     | dut/tile/core/csr/E[0]                                                                               | dut/tile/core/csr/ex_ctrl_alu_fn_reg[3]_rep__0                                                                |                4 |              7 |
|  dut_clock_BUFG     |                                                                                                      | dut/value[6]_i_1_n_0                                                                                          |                2 |              7 |
|  dut_clock_BUFG     | dut/tile/buffer/Queue/_T_35_reg[0]_3[0]                                                              |                                                                                                               |                2 |              7 |
|  dut_clock_BUFG     | dut/tile/buffer/Queue/_T_35_reg[0]_4[0]                                                              |                                                                                                               |                4 |              7 |
|  dut_clock_BUFG     | dut/tile/buffer/Queue/_T_35_reg[0]_5[0]                                                              |                                                                                                               |                1 |              7 |
|  dut_clock_BUFG     | dut/sbus/coupler_to_port_named_mmio_port_axi4/axi4buf/Queue/_T_35_reg[0]_0[0]                        |                                                                                                               |                2 |              7 |
|  dut_clock_BUFG     | dut/sbus/coupler_to_port_named_mmio_port_axi4/axi4buf/Queue/E[0]                                     |                                                                                                               |                2 |              7 |
|  dut_clock_BUFG     | dut/tile/dcache/_T_280                                                                               | dut/tile/dcache/probe_bits_param[1]_i_1_n_0                                                                   |                3 |              7 |
|  dut_clock_BUFG     | dut/tile/core/div/_T_146                                                                             |                                                                                                               |                5 |              7 |
|  dut_clock_BUFG     | mmio_mem/uart_inst/U0/UARTLITE_CORE_I/UARTLITE_RX_I/SRL_FIFO_I/I_SRL_FIFO_RBU_F/DYNSHREG_F_I/fifo_wr |                                                                                                               |                1 |              8 |
|  dut_clock_BUFG     | mmio_mem/uart_inst/U0/AXI_LITE_IPIF_I/I_SLAVE_ATTACHMENT/I_DECODER/fifo_wr                           |                                                                                                               |                1 |              8 |
|  dut_clock_BUFG     | mmio_mem/bridge_inst/reader/xact_data_vec                                                            |                                                                                                               |                2 |              8 |
|  dut_clock_BUFG     | dut/cbus/coupler_to_clint/fragmenter/Repeater/timecmp_0_reg[56][7]                                   |                                                                                                               |                4 |              8 |
|  dut_clock_BUFG     | dut/cbus/coupler_to_clint/fragmenter/Repeater/timecmp_0_reg[56][6]                                   |                                                                                                               |                2 |              8 |
|  dut_clock_BUFG     | dut/cbus/coupler_to_clint/fragmenter/Repeater/timecmp_0_reg[56][5]                                   |                                                                                                               |                3 |              8 |
|  dut_clock_BUFG     | dut/cbus/coupler_to_clint/fragmenter/Repeater/timecmp_0_reg[56][3]                                   |                                                                                                               |                2 |              8 |
|  dut_clock_BUFG     | dut/cbus/coupler_to_clint/fragmenter/Repeater/timecmp_0_reg[56][2]                                   |                                                                                                               |                3 |              8 |
|  dut_clock_BUFG     | dut/cbus/coupler_to_clint/fragmenter/Repeater/timecmp_0_reg[56][1]                                   |                                                                                                               |                2 |              8 |
|  dut_clock_BUFG     | dut/cbus/coupler_to_clint/fragmenter/Repeater/timecmp_0_reg[56][0]                                   |                                                                                                               |                2 |              8 |
|  dut_clock_BUFG     | dut/cbus/coupler_to_clint/fragmenter/Repeater/timecmp_0_reg[56][4]                                   |                                                                                                               |                2 |              8 |
|  dut_clock_BUFG     | dut/cbus/coupler_to_clint/fragmenter/Repeater/E[7]                                                   | reset_IBUF                                                                                                    |                3 |              8 |
|  dut_clock_BUFG     | mmio_mem/bridge_inst/reader/xact_data_vec[0][31]_i_1_n_0                                             |                                                                                                               |                3 |              8 |
|  dut_clock_BUFG     | dut/cbus/coupler_to_clint/fragmenter/Repeater/E[6]                                                   | reset_IBUF                                                                                                    |                4 |              8 |
|  dut_clock_BUFG     | dut/cbus/coupler_to_clint/fragmenter/Repeater/E[0]                                                   | reset_IBUF                                                                                                    |                4 |              8 |
|  dut_clock_BUFG     | dut/cbus/coupler_to_clint/fragmenter/Repeater/E[1]                                                   | reset_IBUF                                                                                                    |                4 |              8 |
|  dut_clock_BUFG     | dut/cbus/coupler_to_clint/fragmenter/Repeater/E[2]                                                   | reset_IBUF                                                                                                    |                3 |              8 |
|  dut_clock_BUFG     | dut/cbus/coupler_to_clint/fragmenter/Repeater/E[5]                                                   | reset_IBUF                                                                                                    |                4 |              8 |
|  dut_clock_BUFG     | dut/cbus/coupler_to_clint/fragmenter/Repeater/E[4]                                                   | reset_IBUF                                                                                                    |                2 |              8 |
|  dut_clock_BUFG     | dut/cbus/coupler_to_clint/fragmenter/Repeater/E[3]                                                   | reset_IBUF                                                                                                    |                5 |              8 |
|  dut_clock_BUFG     | dut/tile/buffer/Queue_1/ram_reg_i_104_0                                                              |                                                                                                               |                4 |              9 |
|  dut_clock_BUFG     | dut/tile/frontend/fq/reg_RW0_addr0                                                                   |                                                                                                               |                5 |              9 |
|  dut_clock_BUFG     | dut/tile/frontend/fq/reg_RW0_addr0_4                                                                 |                                                                                                               |                3 |              9 |
|  dut_clock_BUFG     | dut/tile/buffer/Queue_1/E[0]                                                                         | reset_IBUF                                                                                                    |                6 |              9 |
|  dut_clock_BUFG     | dut/sbus/coupler_to_port_named_mmio_port_axi4/axi4buf/Queue_2/nasti_w_cnt_reg[0][0]                  | mmio_mem/bridge_inst/reader/xact_req_valid_reg_0                                                              |                2 |              9 |
|  dut_clock_BUFG     | dut/tile/buffer/Queue_1/_T_171_reg[0]_0[0]                                                           | reset_IBUF                                                                                                    |                4 |              9 |
|  dut_clock_BUFG     | dut/cbus/buffer/Queue_1/_T_47_7                                                                      | dut/cbus/buffer/Queue_1/_T_1232_reg[8][0]                                                                     |                4 |              9 |
|  dut_clock_BUFG     | dut/cbus/wrapped_error_device/buffer/Queue_1/_T_189_reg[0]                                           | reset_IBUF                                                                                                    |                5 |              9 |
|  dut_clock_BUFG     | mmio_mem/uart_inst/U0/AXI_LITE_IPIF_I/I_SLAVE_ATTACHMENT/s_axi_rdata_i                               | mmio_mem/uart_inst/U0/AXI_LITE_IPIF_I/I_SLAVE_ATTACHMENT/rst                                                  |                2 |              9 |
|  dut_clock_BUFG     | mmio_mem/bridge_inst/reader/xact_r_cnt[8]_i_1_n_0                                                    | mmio_mem/bridge_inst/reader/xact_req_valid_reg_0                                                              |                4 |              9 |
|  dut_clock_BUFG     | dut/cbus/wrapped_error_device/error/a/E[0]                                                           | reset_IBUF                                                                                                    |                4 |              9 |
|  dut_clock_BUFG     |                                                                                                      | mmio_mem/uart_inst/U0/AXI_LITE_IPIF_I/I_SLAVE_ATTACHMENT/rst                                                  |                4 |              9 |
|  dut_clock_BUFG     | dut/cbus/buffer/Queue/_T_317_reg[8]                                                                  | dut/cbus/buffer/Queue/_T_317_reg[8]_0[0]                                                                      |                4 |              9 |
|  dut_clock_BUFG     |                                                                                                      | dut/tile/buffer/Queue/_T_1069_reg[0][0]                                                                       |                6 |              9 |
|  dut_clock_BUFG     |                                                                                                      | dut/tile/buffer/Queue/_T_1047_reg[8][0]                                                                       |                5 |              9 |
|  dut_clock_BUFG     | mmio_mem/bridge_inst/reader/xact_ar_cnt                                                              | mmio_mem/bridge_inst/reader/xact_req_valid_reg_0                                                              |                4 |              9 |
|  dut_clock_BUFG     | dut/cbus/buffer/Queue/_T_296_reg[8]_1[0]                                                             | dut/cbus/buffer/Queue/_T_296_reg[8]_0[0]                                                                      |                4 |              9 |
|  dut_clock_BUFG     | dut/sbus/coupler_to_port_named_mmio_port_axi4/axi4buf/Queue_2/xact_b_cnt_reg[0][0]                   | mmio_mem/bridge_inst/reader/xact_req_valid_reg_0                                                              |                4 |             10 |
|  dut_clock_BUFG     | dut/bh/TLBroadcastTracker/address_reg[31]_1                                                          | dut/bh/TLBroadcastTracker/source_reg[0]_0                                                                     |                4 |             10 |
|  dut_clock_BUFG     | dut/bh/TLBroadcastTracker_2/o_data/address_reg[31]                                                   | dut/bh/TLBroadcastTracker_2/o_data/opcode_reg[2]                                                              |                3 |             10 |
|  dut_clock_BUFG     | mmio_mem/uart_inst/U0/UARTLITE_CORE_I/BAUD_RATE_I/en_16x_Baud                                        | mmio_mem/uart_inst/U0/UARTLITE_CORE_I/UARTLITE_RX_I/SR[0]                                                     |                2 |             10 |
|  dut_clock_BUFG     | dut/bh/TLBroadcastTracker/o_data/address_reg[31]                                                     | dut/bh/TLBroadcastTracker/o_data/opcode_reg[2]                                                                |                3 |             10 |
|  dut_clock_BUFG     | dut/bh/TLBroadcastTracker_3/o_data/address_reg[31]                                                   | dut/bh/TLBroadcastTracker_3/o_data/opcode_reg[2]                                                              |                4 |             10 |
|  dut_clock_BUFG     | dut/sbus/coupler_to_port_named_mmio_port_axi4/axi4buf/Queue_4/_T_35_id__T_50_en                      | mmio_mem/bridge_inst/reader/xact_req_valid_reg_0                                                              |                4 |             11 |
|  dut_clock_BUFG     | dut/tile/dcache/uncachedReqs_0_addr[2]_i_1_n_0                                                       |                                                                                                               |                6 |             11 |
|  dut_clock_BUFG     | dut/sbus/coupler_to_port_named_mmio_port_axi4/axi4buf/Queue/_T_37_5                                  | dut/sbus/coupler_to_port_named_mmio_port_axi4/axi4buf/Queue/_T_35_user_reg[7]                                 |                5 |             12 |
|  dut_clock_BUFG     | dut/sbus/coupler_to_port_named_mmio_port_axi4/axi4buf/Queue_2/_T_44                                  |                                                                                                               |                2 |             12 |
|  dut_clock_BUFG     | dut/cbus/wrapped_error_device/buffer/Queue/E[0]                                                      |                                                                                                               |                3 |             12 |
|  dut_clock_BUFG     | dut/sbus/coupler_to_port_named_mmio_port_axi4/axi4buf/Queue/_T_37_5                                  |                                                                                                               |                6 |             14 |
|  dut_clock_BUFG     | mmio_mem/bridge_inst/reader/xact_req[size][2]_i_1__0_n_0                                             |                                                                                                               |                5 |             15 |
|  dut_clock_BUFG     | dut/sbus/coupler_to_port_named_mmio_port_axi4/axi4buf/Queue/aw_buf_reg[0][id][0][0]                  |                                                                                                               |                5 |             15 |
|  dut_clock_BUFG     | mmio_mem/bridge_inst/writer/xact_req[size][2]_i_1_n_0                                                |                                                                                                               |                4 |             15 |
|  dut_clock_BUFG     | dut/sbus/coupler_to_port_named_mmio_port_axi4/axi4buf/Queue_3/ar_buf_reg[0][id][0]_0[0]              |                                                                                                               |                5 |             15 |
|  dut_clock_BUFG     | dut/fbus/coupler_from_port_named_slave_port_axi4/buffer/Queue_1/_T_35_opcode_reg_0_1_0_2_i_1__6_n_0  |                                                                                                               |                2 |             16 |
|  dut_clock_BUFG     | dut/sbus/system_bus_xbar/value_reg_0                                                                 |                                                                                                               |                2 |             16 |
|  dut_clock_BUFG     | dut/sbus/coupler_to_port_named_mmio_port_axi4/axi4yank/Queue_2/_T_35_reg_0_7_0_5_i_1__0_n_0          |                                                                                                               |                2 |             16 |
|  dut_clock_BUFG     | dut/sbus/coupler_to_port_named_mmio_port_axi4/axi4yank/Queue_3/_T_35_reg_0_7_0_5_i_1_n_0             |                                                                                                               |                2 |             16 |
|  dut_clock_BUFG     | dut/sbus/coupler_to_port_named_mmio_port_axi4/axi4yank/Queue_7/_T_35_reg_0_7_0_5_i_1__2_n_0          |                                                                                                               |                2 |             16 |
|  dut_clock_BUFG     | dut/sbus/coupler_to_port_named_mmio_port_axi4/axi4yank/Queue_8/_T_35_reg_0_7_0_5_i_1__1_n_0          |                                                                                                               |                2 |             16 |
|  dut_clock_BUFG     |                                                                                                      | mmio_mem/bridge_inst/reader/xact_req_valid_reg_0                                                              |                7 |             17 |
|  dut_clock_BUFG     | dut/tile/dcache/p_48_in                                                                              | reset_IBUF                                                                                                    |                8 |             18 |
|  dut_clock_BUFG     | dut/cbus/coupler_to_debug/fragmenter/Repeater/_T_22                                                  |                                                                                                               |                8 |             20 |
|  dut_clock_BUFG     | dut/cbus/coupler_to_bootrom/fragmenter/Repeater/_T_22                                                |                                                                                                               |               14 |             21 |
|  dut_clock_BUFG     |                                                                                                      | mmio_mem/uart_inst/U0/UARTLITE_CORE_I/UARTLITE_RX_I/SR[0]                                                     |                7 |             24 |
|  dut_clock_BUFG     | mmio_mem/bridge_inst/writer/xact_strb_vec[0][3]_i_1_n_0                                              |                                                                                                               |                6 |             24 |
|  dut_clock_BUFG     | dut/cbus/coupler_to_clint/fragmenter/Repeater/_T_22                                                  |                                                                                                               |               10 |             24 |
|  dut_clock_BUFG     | dut/cbus/wrapped_error_device/buffer/Queue/_T_35_opcode_reg_0_1_0_2_i_1__4_n_0                       |                                                                                                               |                3 |             24 |
|  dut_clock_BUFG     | dut/tile/core/csr/E[0]                                                                               |                                                                                                               |               11 |             25 |
|  dut_clock_BUFG     | dut/bh/TLBroadcastTracker_2/o_data/address_reg[31]                                                   | reset_IBUF                                                                                                    |                4 |             26 |
|  dut_clock_BUFG     | dut/bh/TLBroadcastTracker/address_reg[31]_1                                                          | reset_IBUF                                                                                                    |                6 |             26 |
|  dut_clock_BUFG     | dut/tile/dcache/p_0_in4_out                                                                          |                                                                                                               |                5 |             26 |
|  dut_clock_BUFG     | dut/tile/dcache/probe_bits_address[31]_i_1_n_0                                                       |                                                                                                               |                7 |             26 |
|  dut_clock_BUFG     | dut/tile/frontend/icache/_T_155                                                                      |                                                                                                               |               11 |             26 |
|  dut_clock_BUFG     | dut/bh/TLBroadcastTracker/o_data/address_reg[31]                                                     | reset_IBUF                                                                                                    |                7 |             26 |
|  dut_clock_BUFG     | dut/bh/TLBroadcastTracker/o_data/_T_1214                                                             | dut/tile/buffer/Queue/_T_954_reg[25]                                                                          |                5 |             26 |
|  dut_clock_BUFG     | dut/bh/TLBroadcastTracker_3/o_data/address_reg[31]                                                   | reset_IBUF                                                                                                    |                6 |             26 |
|  dut_clock_BUFG     | dut/tile/dcache/s2_uncached_i_1_n_0                                                                  |                                                                                                               |                6 |             29 |
|  dut_clock_BUFG     | dut/tile/frontend/icache/s2_pc_reg[1]                                                                | reset_IBUF                                                                                                    |                9 |             29 |
|  dut_clock_BUFG     | dut/tile/core/csr/reg_pmp_0_addr[29]_i_1_n_0                                                         |                                                                                                               |               15 |             30 |
|  dut_clock_BUFG     | dut/tile/frontend/fq/ex_reg_rs_msb_0_reg[61]_0[0]                                                    |                                                                                                               |               19 |             30 |
|  dut_clock_BUFG     | dut/tile/core/csr/reg_pmp_7_addr[29]_i_1_n_0                                                         |                                                                                                               |               14 |             30 |
|  dut_clock_BUFG     | dut/tile/core/csr/reg_pmp_6_addr[29]_i_1_n_0                                                         |                                                                                                               |               13 |             30 |
|  dut_clock_BUFG     | dut/tile/core/csr/reg_pmp_5_addr[29]_i_1_n_0                                                         |                                                                                                               |               19 |             30 |
|  dut_clock_BUFG     | dut/tile/core/csr/reg_pmp_4_addr[29]_i_1_n_0                                                         |                                                                                                               |               14 |             30 |
|  dut_clock_BUFG     | dut/tile/core/csr/reg_pmp_3_addr[29]_i_1_n_0                                                         |                                                                                                               |               15 |             30 |
|  dut_clock_BUFG     | dut/tile/core/csr/reg_pmp_2_addr[29]_i_1_n_0                                                         |                                                                                                               |               18 |             30 |
|  dut_clock_BUFG     | dut/tile/core/csr/reg_pmp_1_addr[29]_i_1_n_0                                                         |                                                                                                               |               14 |             30 |
|  dut_clock_BUFG     | dut/tile/core/div/E[0]                                                                               | reset_IBUF                                                                                                    |               13 |             31 |
|  dut_clock_BUFG     | dut/tile/core/csr/reg_mtvec[31]_i_1_n_0                                                              | reset_IBUF                                                                                                    |               22 |             31 |
|  dut_clock_BUFG     | dut/tile/frontend/fq/ex_reg_rs_msb_0_reg[61]_0[0]                                                    | dut/tile/core/csr/ex_reg_rs_msb_0_reg[61][0]                                                                  |               15 |             32 |
|  dut_clock_BUFG     | dut/sbus/coupler_to_port_named_mmio_port_axi4/axi4buf/Queue_1/_T_35_data_reg[63]_0                   | dut/sbus/coupler_to_port_named_mmio_port_axi4/axi4buf/Queue_1/_T_35_data_reg[63]                              |               12 |             32 |
|  dut_clock_BUFG     | dut/tile/core/csr/reg_bp_0_address[32]_i_1_n_0                                                       |                                                                                                               |               16 |             33 |
|  dut_clock_BUFG     | dut/tile/core/csr/reg_mepc[33]_i_1_n_0                                                               |                                                                                                               |               18 |             33 |
|  dut_clock_BUFG     | dut/tile/frontend/icache/s1_valid                                                                    |                                                                                                               |                6 |             33 |
|  dut_clock_BUFG     | dut/tile/core/csr/reg_dpc[33]_i_1_n_0                                                                |                                                                                                               |               21 |             33 |
|  dut_clock_BUFG     | dut/tile/core/csr/reg_mtval[33]_i_1_n_0                                                              |                                                                                                               |               24 |             34 |
|  dut_clock_BUFG     | dut/cbus/coupler_to_plic/fragmenter/Repeater/_T_22                                                   |                                                                                                               |               10 |             34 |
|  dut_clock_BUFG     | dut/cbus/wrapped_error_device/buffer/Queue_1/_T_189_reg[0]                                           |                                                                                                               |                5 |             38 |
|  dut_clock_BUFG     | dut/cbus/coupler_to_plic/fragmenter/Repeater/_T_35_data_reg[33]                                      |                                                                                                               |               11 |             39 |
|  dut_clock_BUFG     | dut/tile/buffer/Queue_1/s2_req_typ                                                                   |                                                                                                               |               16 |             40 |
|  dut_clock_BUFG     | dut/sbus/coupler_to_port_named_mmio_port_axi4/axi4buf/Queue/_T_35_id_reg_0_1_0_3_i_1__0_n_0          |                                                                                                               |                5 |             40 |
|  dut_clock_BUFG     | dut/sbus/coupler_to_port_named_mmio_port_axi4/axi4buf/Queue_3/_T_35_id_reg_0_1_0_3_i_1_n_0           |                                                                                                               |                5 |             40 |
|  dut_clock_BUFG     | dut/tile/dcache/tag_array/tag_array_ext/s1_req_addr_reg[33]                                          |                                                                                                               |               22 |             46 |
|  dut_clock_BUFG     | dut/sbus/coupler_to_port_named_mmio_port_axi4/axi4buf/Queue_1/_T_35_data__T_50_en                    |                                                                                                               |                6 |             48 |
|  dut_clock_BUFG     | dut/tile/frontend/fq/buf__replay_reg_0[0]                                                            |                                                                                                               |               25 |             51 |
|  dut_clock_BUFG     | dut/tile/buffer/Queue_2/_T_35_param_reg_0_1_0_0_i_1_n_0                                              |                                                                                                               |                7 |             54 |
|  dut_clock_BUFG     | dut/tile/core/csr/_T_261[0]_i_1_n_0                                                                  | reset_IBUF                                                                                                    |               15 |             58 |
|  dut_clock_BUFG     | dut/tile/core/csr/_T_271[0]_i_1_n_0                                                                  | reset_IBUF                                                                                                    |               15 |             58 |
|  dut_clock_BUFG     | dut/tile/buffer/Queue_3/_T_35_opcode_reg_0_1_0_2_i_1__1_n_0                                          |                                                                                                               |                8 |             60 |
|  dut_clock_BUFG     | dut/tile/frontend/fq/ex_reg_rs_msb_1_reg[61]_0[0]                                                    |                                                                                                               |               18 |             62 |
|  dut_clock_BUFG     | dut/tile/core/ibuf/ex_reg_cause_reg[0][0]                                                            |                                                                                                               |               35 |             63 |
|  dut_clock_BUFG     | dut/tile/core/csr/reg_mscratch                                                                       |                                                                                                               |               40 |             64 |
|  dut_clock_BUFG     | dut/tile/core/csr/reg_dscratch                                                                       |                                                                                                               |               30 |             64 |
|  dut_clock_BUFG     | dut/tile/buffer/Queue_1/vb_array_reg[63]                                                             | dut/tile/core/vb_array_reg[0][0]                                                                              |               20 |             64 |
|  dut_clock_BUFG     | dut/tile/core/mem_reg_rs2[63]_i_1_n_0                                                                |                                                                                                               |               15 |             64 |
|  dut_clock_BUFG     | dut/tile/dcache/_T_726                                                                               |                                                                                                               |               24 |             64 |
|  dut_clock_BUFG     | dut/tile/core/div/divisor[64]_i_1_n_0                                                                |                                                                                                               |               15 |             65 |
|  dut_clock_BUFG     | dut/cbus/buffer/Queue_1/_T_276_0_denied_reg_1[0]                                                     |                                                                                                               |               30 |             66 |
|  dut_clock_BUFG     | dut/tile/frontend/fq/_T_135                                                                          |                                                                                                               |               13 |             67 |
|  dut_clock_BUFG     | dut/tile/frontend/fq/_T_99                                                                           |                                                                                                               |               16 |             67 |
|  dut_clock_BUFG     | dut/tile/frontend/fq/_T_153                                                                          |                                                                                                               |               12 |             67 |
|  dut_clock_BUFG     | dut/tile/frontend/fq/_T_117                                                                          |                                                                                                               |               14 |             67 |
|  dut_clock_BUFG     | dut/tile/frontend/icache/E[0]                                                                        |                                                                                                               |               17 |             67 |
|  dut_clock_BUFG     | dut/tile/dcache/advance_pstore1                                                                      |                                                                                                               |               58 |             81 |
|  dut_clock_BUFG     | dut/tile/dcache/_T_1118                                                                              |                                                                                                               |               31 |             86 |
|  dut_clock_BUFG     | dut/sbus/coupler_to_port_named_mmio_port_axi4/axi4buf/Queue_4/_T_35_id__T_50_en                      |                                                                                                               |               13 |            102 |
|  dut_clock_BUFG     | dut/tile/buffer/Queue/_T_269_0_bits_size_reg[0]                                                      | dut/tile/buffer/Queue/_T_269_0_bits_source_reg[1]                                                             |               76 |            110 |
|  dut_clock_BUFG     | dut/tile/buffer/Queue_1/_T_35_opcode_reg_0_1_0_2_i_1__0_n_0                                          |                                                                                                               |               15 |            116 |
|  dut_clock_BUFG     | dut/sbus/coupler_to_port_named_mmio_port_axi4/axi4buf/Queue_4/_T_35_id__T_50_en_2                    |                                                                                                               |               15 |            118 |
|  dut_clock_BUFG     | dut/cbus/buffer/Queue/_T_317_reg[8]                                                                  |                                                                                                               |               15 |            118 |
|  dut_clock_BUFG     | dut/sbus/coupler_to_port_named_mmio_port_axi4/axi4buf/Queue_4/value_reg[0]                           |                                                                                                               |               15 |            118 |
|  dut_clock_BUFG     | dut/sbus/coupler_to_port_named_mmio_port_axi4/axi4buf/Queue_4/_T_35_id__T_50_en_4                    |                                                                                                               |               15 |            118 |
|  dut_clock_BUFG     | dut/sbus/coupler_to_port_named_mmio_port_axi4/axi4buf/Queue_4/_T_35_id__T_50_en_3                    |                                                                                                               |               15 |            118 |
|  dut_clock_BUFG     | dut/sbus/coupler_to_port_named_mmio_port_axi4/axi4buf/Queue_4/_T_35_id__T_50_en_1                    |                                                                                                               |               15 |            118 |
|  dut_clock_BUFG     | dut/tile/core/mem_pc_valid                                                                           |                                                                                                               |               54 |            126 |
|  dut_clock_BUFG     | dut/tile/core/div/remainder[129]_i_1_n_0                                                             |                                                                                                               |               60 |            130 |
|  dut_clock_BUFG     | dut/tile/core/mem_ctrl_csr                                                                           |                                                                                                               |               80 |            140 |
|  dut_clock_BUFG     | dut/cbus/atomics/_T_35_opcode__T_50_en                                                               |                                                                                                               |               21 |            168 |
|  dut_clock_BUFG     | dut/tile/core/div/_T_592__T_1333_en                                                                  |                                                                                                               |               22 |            176 |
|  dut_clock_BUFG     | dut/tile/buffer/Queue/_T_35_opcode_reg_0_1_0_2_i_1_n_0                                               |                                                                                                               |               23 |            180 |
|  dut_clock_BUFG     |                                                                                                      |                                                                                                               |              132 |            250 |
|  dut_clock_BUFG     |                                                                                                      | reset_IBUF                                                                                                    |              193 |            389 |
+---------------------+------------------------------------------------------------------------------------------------------+---------------------------------------------------------------------------------------------------------------+------------------+----------------+


+--------+-----------------------+
| Fanout | Number of ControlSets |
+--------+-----------------------+
| 1      |                     3 |
| 2      |                     1 |
| 4      |                     5 |
| 5      |                     4 |
| 6      |                     9 |
| 7      |                    10 |
| 8      |                    20 |
| 9      |                    17 |
| 10     |                     6 |
| 11     |                     2 |
| 12     |                     3 |
| 14     |                     1 |
| 15     |                     4 |
| 16+    |                    89 |
+--------+-----------------------+


